
> frontend@0.1.0 build
> next build

▲ Next.js 16.2.4 (Turbopack)
- Environments: .env

⚠ The "middleware" file convention is deprecated. Please use "proxy" instead. Learn more: https://nextjs.org/docs/messages/middleware-to-proxy
  Creating an optimized production build ...
✓ Compiled successfully in 9.9s
  Running TypeScript ...
  Finished TypeScript in 10.4s ...
  Collecting page data using 11 workers ...
  Generating static pages using 11 workers (0/15) ...
  Generating static pages using 11 workers (3/15) 
  Generating static pages using 11 workers (7/15) 
  Generating static pages using 11 workers (11/15) 
✓ Generating static pages using 11 workers (15/15) in 1016ms
  Finalizing page optimization ...

Route (app)
┌ ○ /
├ ○ /_not-found
├ ƒ /api/auth/[...nextauth]
├ ƒ /api/auth/register
├ ○ /employer/analytics
├ ƒ /employer/candidate/[id]
├ ○ /employer/dashboard
├ ○ /employer/pipeline
├ ○ /employer/post-job
├ ○ /login
├ ○ /seeker/applications
├ ○ /seeker/dashboard
├ ○ /seeker/find-jobs
├ ○ /seeker/interview
├ ○ /seeker/profile
└ ○ /signup


ƒ Proxy (Middleware)

○  (Static)   prerendered as static content
ƒ  (Dynamic)  server-rendered on demand

